# vsim -l sim.log -wlf sim.wlf ijtag_tb_opt 
# Start time: 14:20:23 on Aug 06,2026
# Loading sv_std.std
# Loading work.jtag_package(fast)
# Loading work.jtag_defines_svh_unit(fast)
# Loading work.ijtag_tb_top(fast)
# Loading work.jtag_inf(fast__1)
# Loading work.ijtag_top(fast)
# Loading work.TAP_FSM(fast)
# Loading work.instr_shift_reg(fast)
# Loading work.instr_decoder(fast)
# Loading work.TDR(fast)
# Loading work.shift_register(fast)
# Loading work.bsc(fast)
# Loading work.ijtag_network(fast)
# Loading work.sib(fast)
# Loading work.shift_register(fast__1)
# ** Note: $finish    : ../rtl/ijtag_tb_top.sv(119)
#    Time: 9550 ns  Iteration: 1  Instance: /ijtag_tb_top
# 1
# Break in Module ijtag_tb_top at ../rtl/ijtag_tb_top.sv line 119
# couldn't load library "C:/questasim64_2024.1/win64/ScintillaTk/ScintillaTk114.dll": this library or a dependent library could not be found in library path
# ** Error: list element in quotes followed by ":" instead of space
# Error in macro ./comp.do line 7
# list element in quotes followed by ":" instead of space
#     while executing
# "foreach val $retval { 
# 						set wobj [$vsimPriv(windowmgr) FindWindowObj $val]
# 						if { $wobj ne "" && [lsearch $windowobj_list $wobj] < 0 } {
# 				..."
#     (procedure "view" line 144)
#     invoked from within
# "view source"
#     (procedure "run" line 107)
#     invoked from within
# "run -all"
# End time: 14:20:35 on Aug 06,2026, Elapsed time: 0:00:12
# Errors: 1, Warnings: 0
